[debug] [2026-08-14T15:06:20.584Z] ----------------------------------------------------------------------
[debug] [2026-08-14T15:06:20.588Z] Command:       C:\Program Files\nodejs\node.exe C:\Users\Admin\AppData\Roaming\npm\node_modules\firebase-tools\lib\bin\firebase.js init
[debug] [2026-08-14T15:06:20.589Z] CLI Version:   15.11.0
[debug] [2026-08-14T15:06:20.589Z] Platform:      win32
[debug] [2026-08-14T15:06:20.589Z] Node Version:  v25.2.1
[debug] [2026-08-14T15:06:20.589Z] Time:          Fri Aug 14 2026 20:36:20 GMT+0530 (India Standard Time)
[debug] [2026-08-14T15:06:20.590Z] ----------------------------------------------------------------------
[debug] 
[debug] [2026-08-14T15:06:20.596Z] >>> [apiv2][query] GET https://firebase-public.firebaseio.com/cli.json [none]
[debug] [2026-08-14T15:07:19.266Z] > command requires scopes: ["email","openid","https://www.googleapis.com/auth/cloudplatformprojects.readonly","https://www.googleapis.com/auth/firebase","https://www.googleapis.com/auth/cloud-platform"]
[debug] [2026-08-14T15:07:19.267Z] > authorizing via signed-in user (bk4922813@gmail.com)
[debug] [2026-08-14T15:07:19.270Z] Checked if tokens are valid: false, expires at: 1774343109267
[debug] [2026-08-14T15:07:19.271Z] Checked if tokens are valid: false, expires at: 1774343109267
[debug] [2026-08-14T15:07:19.271Z] > refreshing access token with scopes: []
[debug] [2026-08-14T15:07:19.273Z] >>> [apiv2][query] POST https://www.googleapis.com/oauth2/v3/token [none]
[debug] [2026-08-14T15:07:19.273Z] >>> [apiv2][body] POST https://www.googleapis.com/oauth2/v3/token [omitted]
[debug] [2026-08-14T15:07:19.582Z] <<< [apiv2][status] POST https://www.googleapis.com/oauth2/v3/token 200
[debug] [2026-08-14T15:07:19.583Z] <<< [apiv2][body] POST https://www.googleapis.com/oauth2/v3/token [omitted]
[debug] [2026-08-14T15:07:19.599Z] >>> [apiv2][query] GET https://cloudresourcemanager.googleapis.com/v1/projects/474765776697 [none]
[debug] [2026-08-14T15:07:20.194Z] <<< [apiv2][status] GET https://firebase-public.firebaseio.com/cli.json 200
[debug] [2026-08-14T15:07:20.194Z] <<< [apiv2][body] GET https://firebase-public.firebaseio.com/cli.json {"cloudBuildErrorAfter":1594252800000,"cloudBuildWarnAfter":1590019200000,"defaultNode10After":1594252800000,"minVersion":"3.0.5","node8DeploysDisabledAfter":1613390400000,"node8RuntimeDisabledAfter":1615809600000,"node8WarnAfter":1600128000000}
[debug] [2026-08-14T15:07:21.619Z] <<< [apiv2][status] GET https://cloudresourcemanager.googleapis.com/v1/projects/474765776697 200
[debug] [2026-08-14T15:07:21.620Z] <<< [apiv2][body] GET https://cloudresourcemanager.googleapis.com/v1/projects/474765776697 {"projectNumber":"474765776697","projectId":"todo-list-bdbce","lifecycleState":"ACTIVE","name":"Todo-List","labels":{"firebase":"enabled","firebase-core":"disabled"},"createTime":"2026-03-24T06:54:20.396Z"}
[info] 
     ######## #### ########  ######## ########     ###     ######  ########
     ##        ##  ##     ## ##       ##     ##  ##   ##  ##       ##
     ######    ##  ########  ######   ########  #########  ######  ######
     ##        ##  ##    ##  ##       ##     ## ##     ##       ## ##
     ##       #### ##     ## ######## ########  ##     ##  ######  ########

You're about to initialize a Firebase project in this directory:

  D:\Bala\React_Todo_App\todo-app

